// Jest Snapshot v1, https://goo.gl/fbAQLP

exports[`EventDisplay component should match snapshot 1`] = `
<DocumentFragment>
  <style
    data-mantine-styles="true"
  >
    :root{--mantine-font-family: fontFamily;--mantine-font-family-headings: fontFamily;--mantine-color-aspa-orange-0: #fff2e4;--mantine-color-aspa-orange-1: #fbe6d3;--mantine-color-aspa-orange-2: #f0ccaa;--mantine-color-aspa-orange-3: #e5af7e;--mantine-color-aspa-orange-4: #dc9758;--mantine-color-aspa-orange-5: #d78840;--mantine-color-aspa-orange-6: #d68032;--mantine-color-aspa-orange-7: #bd6d24;--mantine-color-aspa-orange-8: #a9611d;--mantine-color-aspa-orange-9: #945212;--mantine-color-aspa-brown-0: #faf5ef;--mantine-color-aspa-brown-1: #f0e8e0;--mantine-color-aspa-brown-2: #e2cdbb;--mantine-color-aspa-brown-3: #d5b192;--mantine-color-aspa-brown-4: #c9996f;--mantine-color-aspa-brown-5: #c38a59;--mantine-color-aspa-brown-6: #c1834d;--mantine-color-aspa-brown-7: #a96f3d;--mantine-color-aspa-brown-8: #986335;--mantine-color-aspa-brown-9: #845429;--mantine-color-aspa-gray-0: #f4f5f5;--mantine-color-aspa-gray-1: #e7e7e7;--mantine-color-aspa-gray-2: #cdcdcd;--mantine-color-aspa-gray-3: #b1b1b1;--mantine-color-aspa-gray-4: #999999;--mantine-color-aspa-gray-5: #8a8a8a;--mantine-color-aspa-gray-6: #838383;--mantine-color-aspa-gray-7: #707071;--mantine-color-aspa-gray-8: #636466;--mantine-color-aspa-gray-9: #52575b;}:root[data-mantine-color-scheme="dark"]{--mantine-color-aspa-orange-text: var(--mantine-color-aspa-orange-4);--mantine-color-aspa-orange-filled: var(--mantine-color-aspa-orange-8);--mantine-color-aspa-orange-filled-hover: var(--mantine-color-aspa-orange-9);--mantine-color-aspa-orange-light: rgba(214, 128, 50, 0.15);--mantine-color-aspa-orange-light-hover: rgba(214, 128, 50, 0.2);--mantine-color-aspa-orange-light-color: var(--mantine-color-aspa-orange-3);--mantine-color-aspa-orange-outline: var(--mantine-color-aspa-orange-4);--mantine-color-aspa-orange-outline-hover: rgba(220, 151, 88, 0.05);--mantine-color-aspa-brown-text: var(--mantine-color-aspa-brown-4);--mantine-color-aspa-brown-filled: var(--mantine-color-aspa-brown-8);--mantine-color-aspa-brown-filled-hover: var(--mantine-color-aspa-brown-9);--mantine-color-aspa-brown-light: rgba(193, 131, 77, 0.15);--mantine-color-aspa-brown-light-hover: rgba(193, 131, 77, 0.2);--mantine-color-aspa-brown-light-color: var(--mantine-color-aspa-brown-3);--mantine-color-aspa-brown-outline: var(--mantine-color-aspa-brown-4);--mantine-color-aspa-brown-outline-hover: rgba(201, 153, 111, 0.05);--mantine-color-aspa-gray-text: var(--mantine-color-aspa-gray-4);--mantine-color-aspa-gray-filled: var(--mantine-color-aspa-gray-8);--mantine-color-aspa-gray-filled-hover: var(--mantine-color-aspa-gray-9);--mantine-color-aspa-gray-light: rgba(131, 131, 131, 0.15);--mantine-color-aspa-gray-light-hover: rgba(131, 131, 131, 0.2);--mantine-color-aspa-gray-light-color: var(--mantine-color-aspa-gray-3);--mantine-color-aspa-gray-outline: var(--mantine-color-aspa-gray-4);--mantine-color-aspa-gray-outline-hover: rgba(153, 153, 153, 0.05);}:root[data-mantine-color-scheme="light"]{--mantine-color-aspa-orange-text: var(--mantine-color-aspa-orange-filled);--mantine-color-aspa-orange-filled: var(--mantine-color-aspa-orange-6);--mantine-color-aspa-orange-filled-hover: var(--mantine-color-aspa-orange-7);--mantine-color-aspa-orange-light: rgba(214, 128, 50, 0.1);--mantine-color-aspa-orange-light-hover: rgba(214, 128, 50, 0.12);--mantine-color-aspa-orange-light-color: var(--mantine-color-aspa-orange-6);--mantine-color-aspa-orange-outline: var(--mantine-color-aspa-orange-6);--mantine-color-aspa-orange-outline-hover: rgba(214, 128, 50, 0.05);--mantine-color-aspa-brown-text: var(--mantine-color-aspa-brown-filled);--mantine-color-aspa-brown-filled: var(--mantine-color-aspa-brown-6);--mantine-color-aspa-brown-filled-hover: var(--mantine-color-aspa-brown-7);--mantine-color-aspa-brown-light: rgba(193, 131, 77, 0.1);--mantine-color-aspa-brown-light-hover: rgba(193, 131, 77, 0.12);--mantine-color-aspa-brown-light-color: var(--mantine-color-aspa-brown-6);--mantine-color-aspa-brown-outline: var(--mantine-color-aspa-brown-6);--mantine-color-aspa-brown-outline-hover: rgba(193, 131, 77, 0.05);--mantine-color-aspa-gray-text: var(--mantine-color-aspa-gray-filled);--mantine-color-aspa-gray-filled: var(--mantine-color-aspa-gray-6);--mantine-color-aspa-gray-filled-hover: var(--mantine-color-aspa-gray-7);--mantine-color-aspa-gray-light: rgba(131, 131, 131, 0.1);--mantine-color-aspa-gray-light-hover: rgba(131, 131, 131, 0.12);--mantine-color-aspa-gray-light-color: var(--mantine-color-aspa-gray-6);--mantine-color-aspa-gray-outline: var(--mantine-color-aspa-gray-6);--mantine-color-aspa-gray-outline-hover: rgba(131, 131, 131, 0.05);}
  </style>
  <style
    data-mantine-styles="classes"
  >
    @media (max-width: 35.99375em) {.mantine-visible-from-xs {display: none !important;}}@media (min-width: 36em) {.mantine-hidden-from-xs {display: none !important;}}@media (max-width: 47.99375em) {.mantine-visible-from-sm {display: none !important;}}@media (min-width: 48em) {.mantine-hidden-from-sm {display: none !important;}}@media (max-width: 61.99375em) {.mantine-visible-from-md {display: none !important;}}@media (min-width: 62em) {.mantine-hidden-from-md {display: none !important;}}@media (max-width: 74.99375em) {.mantine-visible-from-lg {display: none !important;}}@media (min-width: 75em) {.mantine-hidden-from-lg {display: none !important;}}@media (max-width: 87.99375em) {.mantine-visible-from-xl {display: none !important;}}@media (min-width: 88em) {.mantine-hidden-from-xl {display: none !important;}}
  </style>
  <div
    class="m_6d731127 mantine-Stack-root"
    style="--stack-gap: var(--mantine-spacing-lg); --stack-align: center; --stack-justify: flex-start;"
  >
    <p
      class="mantine-focus-auto m_b6d8b162 mantine-Text-root"
      style="color: rgb(255, 255, 255); font-size: 8vh; font-weight: bold;"
    >
      Untitled
    </p>
    <a
      href="/events/3"
      style="text-decoration: none;"
    >
      <div
        class="m_8bffd616 mantine-Flex-root __m__-«r58»"
        style="position: relative; min-height: 250px; max-height: 350px; align-items: center; justify-content: flex-start; flex-direction: row; background: rgb(113, 120, 130);"
      >
        <img
          alt="ASPA Hackathon @ GRID AKL"
          class="m_9e117634 mantine-Image-root"
          src="https://www.bartonmcgill.co.nz/wp-content/uploads/2023/12/51S4Ow-YSgL-_AC_SL1500_.jpg"
          style="--image-object-fit: fill; width: auto; max-height: calc(21.875rem * var(--mantine-scale));"
        />
        <div
          class="m_8bffd616 mantine-Flex-root __m__-«r5b»"
          style="flex: 1; gap: var(--mantine-spacing-sm); justify-content: space-around; flex-direction: column; max-height: calc(21.875rem * var(--mantine-scale));"
        >
          <p
            class="mantine-focus-auto m_b6d8b162 mantine-Text-root"
            style="color: rgb(255, 255, 255); font-size: 5vh; font-weight: bolder; text-transform: uppercase;"
          >
            ASPA Hackathon @ GRID AKL
          </p>
          <div
            class="m_8bffd616 mantine-Flex-root __m__-«r5e»"
            style="gap: auto; align-items: center; justify-content: space-between; flex-direction: row; color: rgb(255, 255, 255);"
          >
            <p
              class="mantine-focus-auto m_b6d8b162 mantine-Text-root"
              style="font-size: 3vh; font-weight: normal;"
            >
              SAT & SUN 10:00-8:00pm
            </p>
            <p
              class="mantine-focus-auto m_b6d8b162 mantine-Text-root"
              style="font-size: 3vh; font-weight: normal;"
            >
              $10
            </p>
            <p
              class="mantine-focus-auto m_b6d8b162 mantine-Text-root"
              style="font-size: 3vh; font-weight: normal;"
            >
              GridAKL [101 Pakenham St W]
            </p>
          </div>
          <p
            class="mantine-focus-auto m_b6d8b162 mantine-Text-root"
            data-line-clamp="true"
            style="--text-fz: 2.5vh; --text-lh: 2.5vh; --text-line-clamp: 4; color: rgb(255, 255, 255); font-weight: normal;"
          >
            WDCC and SESA are so excited to announce our flagship hackathon for 2025. Join us for a two-day event where you alongside other students will work together to design and build unique applications - inspired by our surprise theme revealed on the day. Win from a prize pool of OVER $1.5k and grab some awesome sponsor merch along the way. Get mentored by experienced industry professionals - who will be on site ready to support your team!
          </p>
          <div
            class="m_8bffd616 mantine-Flex-root __m__-«r5k»"
            style="align-items: flex-end; justify-content: flex-end; flex-direction: column;"
          >
            <button
              class="mantine-focus-auto mantine-active m_77c9d27d mantine-Button-root m_87cf2631 mantine-UnstyledButton-root"
              data-size="compact-xl"
              data-variant="outline"
              style="--button-height: var(--button-height-compact-xl); --button-padding-x: var(--button-padding-x-compact-xl); --button-fz: var(--mantine-font-size-xl); --button-radius: var(--mantine-radius-xl); --button-bg: transparent; --button-hover: rgba(255, 255, 255, 0.05); --button-color: rgba(255, 255, 255, 1); --button-bd: calc(0.0625rem * var(--mantine-scale)) solid rgba(255, 255, 255, 1); background: rgb(113, 120, 130);"
              type="button"
            >
              <span
                class="m_80f1301b mantine-Button-inner"
              >
                <span
                  class="m_811560b9 mantine-Button-label"
                >
                  Sign Up Now
                </span>
              </span>
            </button>
          </div>
        </div>
      </div>
    </a>
    <div
      class="m_8bffd616 mantine-Flex-root __m__-«r5o»"
      style="min-height: 200px; max-height: 250px; gap: var(--mantine-spacing-md); align-items: center; justify-content: flex-start; flex-direction: row; width: 100%; flex: 1;"
    >
      <a
        href="/events/1"
      >
        <img
          alt="CASUAL NIGHT @ AKL CBD"
          class="m_9e117634 mantine-Image-root"
          src="https://www.bartonmcgill.co.nz/wp-content/uploads/2023/12/51S4Ow-YSgL-_AC_SL1500_.jpg"
          style="--image-object-fit: fill; width: auto; max-height: calc(15.625rem * var(--mantine-scale));"
        />
      </a>
      <a
        href="/events/2"
      >
        <img
          alt="KARAOKE NIGHT @ AKL CBD"
          class="m_9e117634 mantine-Image-root"
          src="https://gamesforfun.com/wp-content/uploads/2018/05/mini-ball-set-replacement-2-ball.jpg"
          style="--image-object-fit: fill; width: auto; max-height: calc(15.625rem * var(--mantine-scale));"
        />
      </a>
      <div
        class="m_8bffd616 mantine-Flex-root __m__-«r5s»"
        style="flex: 1; gap: var(--mantine-spacing-lg); justify-content: space-between; flex-direction: column;"
      >
        <a
          href="/events/1"
          style="text-decoration: none;"
        >
          <div
            class="m_6d731127 mantine-Stack-root"
            style="--stack-gap: var(--mantine-spacing-md); --stack-align: stretch; --stack-justify: flex-start;"
          >
             
            <p
              class="mantine-focus-auto m_b6d8b162 mantine-Text-root"
              style="color: rgb(255, 255, 255); font-size: 3vh; font-weight: bold; text-transform: uppercase; width: 100%;"
            >
              CASUAL NIGHT @ AKL CBD
            </p>
            <div
              class="m_4081bf90 mantine-Group-root"
              style="--group-gap: var(--mantine-spacing-md); --group-align: center; --group-justify: space-between; --group-wrap: wrap; color: rgb(255, 255, 255);"
            >
              <p
                class="mantine-focus-auto m_b6d8b162 mantine-Text-root"
                style="font-size: 2vh; font-weight: normal;"
              >
                TUES & THUR 6:30-8:00PM
              </p>
              <p
                class="mantine-focus-auto m_b6d8b162 mantine-Text-root"
                style="font-size: 2vh; font-weight: normal;"
              >
                $6
              </p>
              <p
                class="mantine-focus-auto m_b6d8b162 mantine-Text-root"
                style="font-size: 2vh; font-weight: normal;"
              >
                Orange Pool Club [9 City Road]
              </p>
            </div>
            <div
              class="m_8bffd616 mantine-Flex-root __m__-«r64»"
              style="align-items: flex-end; justify-content: flex-end; flex-direction: column;"
            >
              <button
                class="mantine-focus-auto mantine-active m_77c9d27d mantine-Button-root m_87cf2631 mantine-UnstyledButton-root"
                data-size="compact-md"
                data-variant="filled"
                style="--button-height: var(--button-height-compact-md); --button-padding-x: var(--button-padding-x-compact-md); --button-fz: var(--mantine-font-size-md); --button-radius: var(--mantine-radius-xl); --button-bg: rgba(113, 120, 130, 1); --button-hover: rgba(102, 108, 117, 1); --button-color: var(--mantine-color-white); --button-bd: calc(0.0625rem * var(--mantine-scale)) solid transparent; font-weight: normal; width: 15vw;"
                type="button"
              >
                <span
                  class="m_80f1301b mantine-Button-inner"
                >
                  <span
                    class="m_811560b9 mantine-Button-label"
                  >
                    See Details
                  </span>
                </span>
              </button>
            </div>
          </div>
        </a>
        <a
          href="/events/2"
          style="text-decoration: none;"
        >
          <div
            class="m_6d731127 mantine-Stack-root"
            style="--stack-gap: var(--mantine-spacing-md); --stack-align: stretch; --stack-justify: flex-start;"
          >
             
            <p
              class="mantine-focus-auto m_b6d8b162 mantine-Text-root"
              style="color: rgb(255, 255, 255); font-size: 3vh; font-weight: bold; text-transform: uppercase; width: 100%;"
            >
              KARAOKE NIGHT @ AKL CBD
            </p>
            <div
              class="m_4081bf90 mantine-Group-root"
              style="--group-gap: var(--mantine-spacing-md); --group-align: center; --group-justify: space-between; --group-wrap: wrap; color: rgb(255, 255, 255);"
            >
              <p
                class="mantine-focus-auto m_b6d8b162 mantine-Text-root"
                style="font-size: 2vh; font-weight: normal;"
              >
                FRI 8:00-11:00PM
              </p>
              <p
                class="mantine-focus-auto m_b6d8b162 mantine-Text-root"
                style="font-size: 2vh; font-weight: normal;"
              >
                $11
              </p>
              <p
                class="mantine-focus-auto m_b6d8b162 mantine-Text-root"
                style="font-size: 2vh; font-weight: normal;"
              >
                University Pool Club [15 Princes Street]
              </p>
            </div>
            <div
              class="m_8bffd616 mantine-Flex-root __m__-«r6e»"
              style="align-items: flex-end; justify-content: flex-end; flex-direction: column;"
            >
              <button
                class="mantine-focus-auto mantine-active m_77c9d27d mantine-Button-root m_87cf2631 mantine-UnstyledButton-root"
                data-size="compact-md"
                data-variant="filled"
                style="--button-height: var(--button-height-compact-md); --button-padding-x: var(--button-padding-x-compact-md); --button-fz: var(--mantine-font-size-md); --button-radius: var(--mantine-radius-xl); --button-bg: rgba(113, 120, 130, 1); --button-hover: rgba(102, 108, 117, 1); --button-color: var(--mantine-color-white); --button-bd: calc(0.0625rem * var(--mantine-scale)) solid transparent; font-weight: normal; width: 15vw;"
                type="button"
              >
                <span
                  class="m_80f1301b mantine-Button-inner"
                >
                  <span
                    class="m_811560b9 mantine-Button-label"
                  >
                    See Details
                  </span>
                </span>
              </button>
            </div>
          </div>
        </a>
      </div>
    </div>
    <button
      class="mantine-focus-auto mantine-active m_77c9d27d mantine-Button-root m_87cf2631 mantine-UnstyledButton-root"
      data-size="md"
      data-variant="filled"
      style="--button-height: var(--button-height-md); --button-padding-x: var(--button-padding-x-md); --button-fz: var(--mantine-font-size-md); --button-radius: var(--mantine-radius-xl); --button-bg: var(--mantine-color-blue-filled); --button-hover: var(--mantine-color-blue-filled-hover); --button-color: var(--mantine-color-white); --button-bd: calc(0.0625rem * var(--mantine-scale)) solid transparent; background: rgb(113, 120, 130); width: 30vw;"
      type="button"
    >
      <span
        class="m_80f1301b mantine-Button-inner"
      >
        <span
          class="m_811560b9 mantine-Button-label"
        >
          Button Text
        </span>
      </span>
    </button>
  </div>
</DocumentFragment>
`;
